   ▲ Next.js 14.1.4
   - Local:        http://localhost:3010
   - Environments: .env
   - Experiments (use at your own risk):
     · serverMinification

 ✓ Ready in 2.9s
 ○ Compiling /api/get ...
 ✓ Compiled /api/get in 1778ms (584 modules)
{"level":30,"time":1788295650886,"pid":42900,"hostname":"LumKourlosDesktop","msg":"Getting the session ID"}
(node:42900) [DEP0169] DeprecationWarning: `url.parse()` behavior is not standardized and prone to errors that have security implications. Use the WHATWG URL API instead. CVEs are not issued for `url.parse()` vulnerabilities.
(Use `node --trace-deprecation ...` to show where the warning was created)
{"level":30,"time":1788295651098,"pid":42900,"hostname":"LumKourlosDesktop","msg":"KeepAlive...\n"}
{"level":30,"time":1788295651186,"pid":42900,"hostname":"LumKourlosDesktop","msg":"KeepAlive...\n"}
{"level":30,"time":1788295651289,"pid":42900,"hostname":"LumKourlosDesktop","msg":"Get audio status: https://studio-api.prod.suno.com/api/feed/v2?ids=54a80567-99f6-4faf-b88e-a4e184145950"}
 ✓ Compiled /api/custom_generate in 298ms (586 modules)
{"level":30,"time":1788295674904,"pid":42900,"hostname":"LumKourlosDesktop","msg":"KeepAlive...\n"}
{"level":30,"time":1788295675252,"pid":42900,"hostname":"LumKourlosDesktop","required":false,"captcha_version":1}
{"level":30,"time":1788295675252,"pid":42900,"hostname":"LumKourlosDesktop","msg":"generateSongs payload:\n{\n  \"prompt\": \"\",\n  \"isCustom\": true,\n  \"tags\": \"instrumental, hypnotic spiritual journey, deep meditative groove, psychedelic, hi-tech psytrance, rapid-fire bassline, glitchy stabs, intense driving energy, futuristic, 161 BPM\",\n  \"title\": \"psy_hitech_161bpm\",\n  \"make_instrumental\": true,\n  \"wait_audio\": true,\n  \"negative_tags\": \"vocals, lyrics, singing, voice, acapella, rap, spoken word\",\n  \"payload\": {\n    \"make_instrumental\": true,\n    \"mv\": \"chirp-v3-5\",\n    \"prompt\": \"\",\n    \"generation_type\": \"TEXT\",\n    \"token\": null,\n    \"tags\": \"instrumental, hypnotic spiritual journey, deep meditative groove, psychedelic, hi-tech psytrance, rapid-fire bassline, glitchy stabs, intense driving energy, futuristic, 161 BPM\",\n    \"title\": \"psy_hitech_161bpm\",\n    \"negative_tags\": \"vocals, lyrics, singing, voice, acapella, rap, spoken word\"\n  }\n}"}
{"level":30,"time":1788295675653,"pid":42900,"hostname":"LumKourlosDesktop","msg":"Sleeping for 5 seconds"}
{"level":30,"time":1788295680682,"pid":42900,"hostname":"LumKourlosDesktop","msg":"KeepAlive...\n"}
{"level":30,"time":1788295681006,"pid":42900,"hostname":"LumKourlosDesktop","msg":"Get audio status: https://studio-api.prod.suno.com/api/feed/v2?ids=ef186237-974d-4265-b493-f1b15a0bbd7b%2C1904c8d3-f31b-4094-9256-a5024156f958"}
{"level":30,"time":1788295681453,"pid":42900,"hostname":"LumKourlosDesktop","msg":"Sleeping for 3 seconds"}
{"level":30,"time":1788295684453,"pid":42900,"hostname":"LumKourlosDesktop","msg":"KeepAlive...\n"}
{"level":30,"time":1788295684621,"pid":42900,"hostname":"LumKourlosDesktop","msg":"Sleeping for 1 seconds"}
{"level":30,"time":1788295685642,"pid":42900,"hostname":"LumKourlosDesktop","msg":"KeepAlive...\n"}
{"level":30,"time":1788295685809,"pid":42900,"hostname":"LumKourlosDesktop","msg":"Get audio status: https://studio-api.prod.suno.com/api/feed/v2?ids=ef186237-974d-4265-b493-f1b15a0bbd7b%2C1904c8d3-f31b-4094-9256-a5024156f958"}
{"level":30,"time":1788295685940,"pid":42900,"hostname":"LumKourlosDesktop","msg":"Custom Generate Response:\n[\n  {\n    \"id\": \"ef186237-974d-4265-b493-f1b15a0bbd7b\",\n    \"title\": \"psy_hitech_161bpm\",\n    \"image_url\": \"https://cdn2.suno.ai/image_ef186237-974d-4265-b493-f1b15a0bbd7b.jpeg\",\n    \"lyric\": \"\",\n    \"audio_url\": \"https://audiopipe.suno.ai/?item_id=ef186237-974d-4265-b493-f1b15a0bbd7b\",\n    \"video_url\": \"\",\n    \"created_at\": \"2026-09-01T20:47:53.498Z\",\n    \"model_name\": \"chirp-v3\",\n    \"status\": \"streaming\",\n    \"prompt\": \"\",\n    \"type\": \"gen\",\n    \"tags\": \"instrumental, hypnotic spiritual journey, deep meditative groove, psychedelic, hi-tech psytrance, rapid-fire bassline, glitchy stabs, intense driving energy, futuristic, 161 BPM\"\n  },\n  {\n    \"id\": \"1904c8d3-f31b-4094-9256-a5024156f958\",\n    \"title\": \"psy_hitech_161bpm\",\n    \"image_url\": \"https://cdn2.suno.ai/image_1904c8d3-f31b-4094-9256-a5024156f958.jpeg\",\n    \"lyric\": \"\",\n    \"audio_url\": \"https://audiopipe.suno.ai/?item_id=1904c8d3-f31b-4094-9256-a5024156f958\",\n    \"video_url\": \"\",\n    \"created_at\": \"2026-09-01T20:47:53.499Z\",\n    \"model_name\": \"chirp-v3\",\n    \"status\": \"streaming\",\n    \"prompt\": \"\",\n    \"type\": \"gen\",\n    \"tags\": \"instrumental, hypnotic spiritual journey, deep meditative groove, psychedelic, hi-tech psytrance, rapid-fire bassline, glitchy stabs, intense driving energy, futuristic, 161 BPM\"\n  }\n]"}
{"level":30,"time":1788295685940,"pid":42900,"hostname":"LumKourlosDesktop","msg":"Cost time: 11037"}
{"level":30,"time":1788297271854,"pid":42900,"hostname":"LumKourlosDesktop","msg":"KeepAlive...\n"}
{"level":30,"time":1788297272544,"pid":42900,"hostname":"LumKourlosDesktop","required":false,"captcha_version":1}
{"level":30,"time":1788297272544,"pid":42900,"hostname":"LumKourlosDesktop","msg":"generateSongs payload:\n{\n  \"prompt\": \"\",\n  \"isCustom\": true,\n  \"tags\": \"instrumental, hypnotic spiritual journey, deep meditative groove, psychedelic, darkpsy, forest psytrance, dark atmosphere, fast rolling bass, organic textures, eerie leads, hypnotic, 157 BPM\",\n  \"title\": \"psy_darkpsy_157bpm\",\n  \"make_instrumental\": true,\n  \"wait_audio\": true,\n  \"negative_tags\": \"vocals, lyrics, singing, voice, acapella, rap, spoken word\",\n  \"payload\": {\n    \"make_instrumental\": true,\n    \"mv\": \"chirp-v3-5\",\n    \"prompt\": \"\",\n    \"generation_type\": \"TEXT\",\n    \"token\": null,\n    \"tags\": \"instrumental, hypnotic spiritual journey, deep meditative groove, psychedelic, darkpsy, forest psytrance, dark atmosphere, fast rolling bass, organic textures, eerie leads, hypnotic, 157 BPM\",\n    \"title\": \"psy_darkpsy_157bpm\",\n    \"negative_tags\": \"vocals, lyrics, singing, voice, acapella, rap, spoken word\"\n  }\n}"}
{"level":30,"time":1788297274250,"pid":42900,"hostname":"LumKourlosDesktop","msg":"Sleeping for 5 seconds"}
{"level":30,"time":1788297279252,"pid":42900,"hostname":"LumKourlosDesktop","msg":"KeepAlive...\n"}
{"level":30,"time":1788297279406,"pid":42900,"hostname":"LumKourlosDesktop","msg":"Get audio status: https://studio-api.prod.suno.com/api/feed/v2?ids=1ee9b82b-fbaf-42dc-904b-db1198ea2f8e%2C1ff6e937-0042-4560-a4af-da04f16c3891"}
{"level":30,"time":1788297279570,"pid":42900,"hostname":"LumKourlosDesktop","msg":"Sleeping for 4 seconds"}
{"level":30,"time":1788297283577,"pid":42900,"hostname":"LumKourlosDesktop","msg":"KeepAlive...\n"}
{"level":30,"time":1788297283686,"pid":42900,"hostname":"LumKourlosDesktop","msg":"Sleeping for 1 seconds"}
{"level":30,"time":1788297284690,"pid":42900,"hostname":"LumKourlosDesktop","msg":"KeepAlive...\n"}
{"level":30,"time":1788297284790,"pid":42900,"hostname":"LumKourlosDesktop","msg":"Get audio status: https://studio-api.prod.suno.com/api/feed/v2?ids=1ee9b82b-fbaf-42dc-904b-db1198ea2f8e%2C1ff6e937-0042-4560-a4af-da04f16c3891"}
{"level":30,"time":1788297285174,"pid":42900,"hostname":"LumKourlosDesktop","msg":"Custom Generate Response:\n[\n  {\n    \"id\": \"1ee9b82b-fbaf-42dc-904b-db1198ea2f8e\",\n    \"title\": \"psy_darkpsy_157bpm\",\n    \"image_url\": \"https://cdn2.suno.ai/image_1ee9b82b-fbaf-42dc-904b-db1198ea2f8e.jpeg\",\n    \"lyric\": \"\",\n    \"audio_url\": \"https://audiopipe.suno.ai/?item_id=1ee9b82b-fbaf-42dc-904b-db1198ea2f8e\",\n    \"video_url\": \"\",\n    \"created_at\": \"2026-09-01T21:14:32.053Z\",\n    \"model_name\": \"chirp-v3\",\n    \"status\": \"streaming\",\n    \"prompt\": \"\",\n    \"type\": \"gen\",\n    \"tags\": \"instrumental, hypnotic spiritual journey, deep meditative groove, psychedelic, darkpsy, forest psytrance, dark atmosphere, fast rolling bass, organic textures, eerie leads, hypnotic, 157 BPM\"\n  },\n  {\n    \"id\": \"1ff6e937-0042-4560-a4af-da04f16c3891\",\n    \"title\": \"psy_darkpsy_157bpm\",\n    \"image_url\": \"https://cdn2.suno.ai/image_1ff6e937-0042-4560-a4af-da04f16c3891.jpeg\",\n    \"lyric\": \"\",\n    \"audio_url\": \"https://audiopipe.suno.ai/?item_id=1ff6e937-0042-4560-a4af-da04f16c3891\",\n    \"video_url\": \"\",\n    \"created_at\": \"2026-09-01T21:14:32.053Z\",\n    \"model_name\": \"chirp-v3\",\n    \"status\": \"streaming\",\n    \"prompt\": \"\",\n    \"type\": \"gen\",\n    \"tags\": \"instrumental, hypnotic spiritual journey, deep meditative groove, psychedelic, darkpsy, forest psytrance, dark atmosphere, fast rolling bass, organic textures, eerie leads, hypnotic, 157 BPM\"\n  }\n]"}
{"level":30,"time":1788297285174,"pid":42900,"hostname":"LumKourlosDesktop","msg":"Cost time: 13320"}
{"level":30,"time":1788299749092,"pid":42900,"hostname":"LumKourlosDesktop","msg":"KeepAlive...\n"}
{"level":30,"time":1788299749564,"pid":42900,"hostname":"LumKourlosDesktop","required":false,"captcha_version":1}
{"level":30,"time":1788299749564,"pid":42900,"hostname":"LumKourlosDesktop","msg":"generateSongs payload:\n{\n  \"prompt\": \"\",\n  \"isCustom\": true,\n  \"tags\": \"instrumental, hypnotic spiritual journey, deep meditative groove, psychedelic, psytrance, full-on, Goa trance, rolling bassline, acid squelches, tribal percussion, lush pads, 144 BPM\",\n  \"title\": \"psy_fullon_144bpm\",\n  \"make_instrumental\": true,\n  \"wait_audio\": true,\n  \"negative_tags\": \"vocals, lyrics, singing, voice, acapella, rap, spoken word\",\n  \"payload\": {\n    \"make_instrumental\": true,\n    \"mv\": \"chirp-v3-5\",\n    \"prompt\": \"\",\n    \"generation_type\": \"TEXT\",\n    \"token\": null,\n    \"tags\": \"instrumental, hypnotic spiritual journey, deep meditative groove, psychedelic, psytrance, full-on, Goa trance, rolling bassline, acid squelches, tribal percussion, lush pads, 144 BPM\",\n    \"title\": \"psy_fullon_144bpm\",\n    \"negative_tags\": \"vocals, lyrics, singing, voice, acapella, rap, spoken word\"\n  }\n}"}
{"level":30,"time":1788299750093,"pid":42900,"hostname":"LumKourlosDesktop","msg":"Sleeping for 5 seconds"}
{"level":30,"time":1788299755098,"pid":42900,"hostname":"LumKourlosDesktop","msg":"KeepAlive...\n"}
{"level":30,"time":1788299755280,"pid":42900,"hostname":"LumKourlosDesktop","msg":"Get audio status: https://studio-api.prod.suno.com/api/feed/v2?ids=f0b5cd33-51f6-4617-a6a6-6da233dbc8f4%2C7b0b96c2-0fe4-47d2-b479-2283ba4b22f2"}
{"level":30,"time":1788299755574,"pid":42900,"hostname":"LumKourlosDesktop","msg":"Sleeping for 4 seconds"}
{"level":30,"time":1788299759587,"pid":42900,"hostname":"LumKourlosDesktop","msg":"KeepAlive...\n"}
{"level":30,"time":1788299759693,"pid":42900,"hostname":"LumKourlosDesktop","msg":"Sleeping for 2 seconds"}
{"level":30,"time":1788299761695,"pid":42900,"hostname":"LumKourlosDesktop","msg":"KeepAlive...\n"}
{"level":30,"time":1788299761795,"pid":42900,"hostname":"LumKourlosDesktop","msg":"Get audio status: https://studio-api.prod.suno.com/api/feed/v2?ids=f0b5cd33-51f6-4617-a6a6-6da233dbc8f4%2C7b0b96c2-0fe4-47d2-b479-2283ba4b22f2"}
{"level":30,"time":1788299761991,"pid":42900,"hostname":"LumKourlosDesktop","msg":"Custom Generate Response:\n[\n  {\n    \"id\": \"f0b5cd33-51f6-4617-a6a6-6da233dbc8f4\",\n    \"title\": \"psy_fullon_144bpm\",\n    \"image_url\": \"https://cdn2.suno.ai/image_f0b5cd33-51f6-4617-a6a6-6da233dbc8f4.jpeg\",\n    \"lyric\": \"\",\n    \"audio_url\": \"https://audiopipe.suno.ai/?item_id=f0b5cd33-51f6-4617-a6a6-6da233dbc8f4\",\n    \"video_url\": \"\",\n    \"created_at\": \"2026-09-01T21:55:47.882Z\",\n    \"model_name\": \"chirp-v3\",\n    \"status\": \"streaming\",\n    \"prompt\": \"\",\n    \"type\": \"gen\",\n    \"tags\": \"instrumental, hypnotic spiritual journey, deep meditative groove, psychedelic, psytrance, full-on, Goa trance, rolling bassline, acid squelches, tribal percussion, lush pads, 144 BPM\"\n  },\n  {\n    \"id\": \"7b0b96c2-0fe4-47d2-b479-2283ba4b22f2\",\n    \"title\": \"psy_fullon_144bpm\",\n    \"image_url\": \"https://cdn2.suno.ai/image_7b0b96c2-0fe4-47d2-b479-2283ba4b22f2.jpeg\",\n    \"lyric\": \"\",\n    \"audio_url\": \"https://audiopipe.suno.ai/?item_id=7b0b96c2-0fe4-47d2-b479-2283ba4b22f2\",\n    \"video_url\": \"\",\n    \"created_at\": \"2026-09-01T21:55:47.882Z\",\n    \"model_name\": \"chirp-v3\",\n    \"status\": \"streaming\",\n    \"prompt\": \"\",\n    \"type\": \"gen\",\n    \"tags\": \"instrumental, hypnotic spiritual journey, deep meditative groove, psychedelic, psytrance, full-on, Goa trance, rolling bassline, acid squelches, tribal percussion, lush pads, 144 BPM\"\n  }\n]"}
{"level":30,"time":1788299761992,"pid":42900,"hostname":"LumKourlosDesktop","msg":"Cost time: 12899"}
{"level":30,"time":1788356148465,"pid":42900,"hostname":"LumKourlosDesktop","msg":"KeepAlive...\n"}
{"level":30,"time":1788356148923,"pid":42900,"hostname":"LumKourlosDesktop","required":true,"captcha_version":1}
{"level":30,"time":1788356148923,"pid":42900,"hostname":"LumKourlosDesktop","msg":"CAPTCHA required. Launching browser..."}
{"level":30,"time":1788356155209,"pid":42900,"hostname":"LumKourlosDesktop","msg":"Waiting for Suno interface to load"}
{"level":30,"time":1788356161710,"pid":42900,"hostname":"LumKourlosDesktop","msg":"Triggering the CAPTCHA"}
Error generating custom audio: Timeout 30000ms exceeded.
Call log:
[2m  - waiting for locator('.custom-textarea')[22m

    at captureRawStack (C:\Users\jakeg\workspace\suno-api\webpack-internal:\(rsc)\node_modules\rebrowser-playwright-core\lib\utils\stackTrace.js:50:17)
    at captureLibraryStackTrace (C:\Users\jakeg\workspace\suno-api\webpack-internal:\(rsc)\node_modules\rebrowser-playwright-core\lib\utils\stackTrace.js:56:17)
    at Frame._wrapApiCall (C:\Users\jakeg\workspace\suno-api\webpack-internal:\(rsc)\node_modules\rebrowser-playwright-core\lib\client\channelOwner.js:167:65)
    at Proxy.eval (C:\Users\jakeg\workspace\suno-api\webpack-internal:\(rsc)\node_modules\rebrowser-playwright-core\lib\client\channelOwner.js:128:33)
    at Frame.click (C:\Users\jakeg\workspace\suno-api\webpack-internal:\(rsc)\node_modules\rebrowser-playwright-core\lib\client\frame.js:291:32)
    at Locator.click (C:\Users\jakeg\workspace\suno-api\webpack-internal:\(rsc)\node_modules\rebrowser-playwright-core\lib\client\locator.js:90:30)
    at SunoApi.click (C:\Users\jakeg\workspace\suno-api\webpack-internal:\(rsc)\src\lib\SunoApi.ts:192:32)
    at SunoApi.getCaptcha (C:\Users\jakeg\workspace\suno-api\webpack-internal:\(rsc)\src\lib\SunoApi.ts:289:20)
    at async SunoApi.generateSongs (C:\Users\jakeg\workspace\suno-api\webpack-internal:\(rsc)\src\lib\SunoApi.ts:473:20)
    at async SunoApi.custom_generate (C:\Users\jakeg\workspace\suno-api\webpack-internal:\(rsc)\src\lib\SunoApi.ts:444:24)
    at async POST (C:\Users\jakeg\workspace\suno-api\webpack-internal:\(rsc)\src\app\api\custom_generate\route.ts:23:31)
    at C:\Users\jakeg\workspace\suno-api\async C:\Users\jakeg\workspace\suno-api\node_modules\next\dist\compiled\next-server\app-route.runtime.dev.js:6:63809
    at async eU.execute (C:\Users\jakeg\workspace\suno-api\node_modules\next\dist\compiled\next-server\app-route.runtime.dev.js:6:53964)
    at async eU.handle (C:\Users\jakeg\workspace\suno-api\node_modules\next\dist\compiled\next-server\app-route.runtime.dev.js:6:65062)
    at async doRender (C:\Users\jakeg\workspace\suno-api\node_modules\next\dist\server\base-server.js:1317:42)
    at async cacheEntry.responseCache.get.routeKind (C:\Users\jakeg\workspace\suno-api\node_modules\next\dist\server\base-server.js:1539:28)
    at async DevServer.renderToResponseWithComponentsImpl (C:\Users\jakeg\workspace\suno-api\node_modules\next\dist\server\base-server.js:1447:28)
    at async DevServer.renderPageComponent (C:\Users\jakeg\workspace\suno-api\node_modules\next\dist\server\base-server.js:1844:24)
    at async DevServer.renderToResponseImpl (C:\Users\jakeg\workspace\suno-api\node_modules\next\dist\server\base-server.js:1882:32)
    at async DevServer.pipeImpl (C:\Users\jakeg\workspace\suno-api\node_modules\next\dist\server\base-server.js:895:25)
    at async NextNodeServer.handleCatchallRenderRequest (C:\Users\jakeg\workspace\suno-api\node_modules\next\dist\server\next-server.js:269:17)
    at async DevServer.handleRequestImpl (C:\Users\jakeg\workspace\suno-api\node_modules\next\dist\server\base-server.js:791:17)
    at C:\Users\jakeg\workspace\suno-api\async C:\Users\jakeg\workspace\suno-api\node_modules\next\dist\server\dev\next-dev-server.js:331:20
    at async Span.traceAsyncFn (C:\Users\jakeg\workspace\suno-api\node_modules\next\dist\trace\trace.js:151:20)
    at async DevServer.handleRequest (C:\Users\jakeg\workspace\suno-api\node_modules\next\dist\server\dev\next-dev-server.js:328:24)
    at async invokeRender (C:\Users\jakeg\workspace\suno-api\node_modules\next\dist\server\lib\router-server.js:174:21)
    at async handleRequest (C:\Users\jakeg\workspace\suno-api\node_modules\next\dist\server\lib\router-server.js:353:24)
    at async requestHandlerImpl (C:\Users\jakeg\workspace\suno-api\node_modules\next\dist\server\lib\router-server.js:377:13)
    at async Server.requestListener (C:\Users\jakeg\workspace\suno-api\node_modules\next\dist\server\lib\start-server.js:140:13) {
  name: 'TimeoutError'
}
   Reload env: .env
 ✓ Compiled in 3.9s (192 modules)
 ○ Compiling /api/get_limit ...
 ✓ Compiled /api/get_limit in 624ms (584 modules)
{"level":30,"time":1788357629204,"pid":42900,"hostname":"LumKourlosDesktop","msg":"KeepAlive...\n"}
 ✓ Compiled /api/custom_generate in 403ms (584 modules)
{"level":30,"time":1788357858179,"pid":42900,"hostname":"LumKourlosDesktop","msg":"KeepAlive...\n"}
{"level":30,"time":1788357858421,"pid":42900,"hostname":"LumKourlosDesktop","required":false,"captcha_version":1}
{"level":30,"time":1788357858422,"pid":42900,"hostname":"LumKourlosDesktop","msg":"generateSongs payload:\n{\n  \"prompt\": \"\",\n  \"isCustom\": true,\n  \"tags\": \"instrumental, hypnotic spiritual journey, deep meditative groove, psychedelic, hi-tech psytrance, rapid-fire bassline, glitchy stabs, intense driving energy, futuristic, 166 BPM\",\n  \"title\": \"psy_hitech_166bpm\",\n  \"make_instrumental\": true,\n  \"wait_audio\": true,\n  \"negative_tags\": \"vocals, lyrics, singing, voice, acapella, rap, spoken word\",\n  \"payload\": {\n    \"make_instrumental\": true,\n    \"mv\": \"chirp-v3-5\",\n    \"prompt\": \"\",\n    \"generation_type\": \"TEXT\",\n    \"token\": null,\n    \"tags\": \"instrumental, hypnotic spiritual journey, deep meditative groove, psychedelic, hi-tech psytrance, rapid-fire bassline, glitchy stabs, intense driving energy, futuristic, 166 BPM\",\n    \"title\": \"psy_hitech_166bpm\",\n    \"negative_tags\": \"vocals, lyrics, singing, voice, acapella, rap, spoken word\"\n  }\n}"}
{"level":30,"time":1788357859679,"pid":42900,"hostname":"LumKourlosDesktop","msg":"Sleeping for 5 seconds"}
{"level":30,"time":1788357864694,"pid":42900,"hostname":"LumKourlosDesktop","msg":"KeepAlive...\n"}
{"level":30,"time":1788357864839,"pid":42900,"hostname":"LumKourlosDesktop","msg":"Get audio status: https://studio-api.prod.suno.com/api/feed/v2?ids=49427993-2ff6-4eab-b340-97a76cf75b6c%2Ca74e2f84-121d-4f04-9c79-bc8788bff771"}
{"level":30,"time":1788357865018,"pid":42900,"hostname":"LumKourlosDesktop","msg":"Sleeping for 3 seconds"}
{"level":30,"time":1788357868021,"pid":42900,"hostname":"LumKourlosDesktop","msg":"KeepAlive...\n"}
{"level":30,"time":1788357868148,"pid":42900,"hostname":"LumKourlosDesktop","msg":"Sleeping for 2 seconds"}
{"level":30,"time":1788357870161,"pid":42900,"hostname":"LumKourlosDesktop","msg":"KeepAlive...\n"}
{"level":30,"time":1788357870639,"pid":42900,"hostname":"LumKourlosDesktop","msg":"Get audio status: https://studio-api.prod.suno.com/api/feed/v2?ids=49427993-2ff6-4eab-b340-97a76cf75b6c%2Ca74e2f84-121d-4f04-9c79-bc8788bff771"}
{"level":30,"time":1788357870772,"pid":42900,"hostname":"LumKourlosDesktop","msg":"Custom Generate Response:\n[\n  {\n    \"id\": \"49427993-2ff6-4eab-b340-97a76cf75b6c\",\n    \"title\": \"psy_hitech_166bpm\",\n    \"image_url\": \"https://cdn2.suno.ai/image_49427993-2ff6-4eab-b340-97a76cf75b6c.jpeg\",\n    \"lyric\": \"\",\n    \"audio_url\": \"https://audiopipe.suno.ai/?item_id=49427993-2ff6-4eab-b340-97a76cf75b6c\",\n    \"video_url\": \"\",\n    \"created_at\": \"2026-09-02T14:04:16.575Z\",\n    \"model_name\": \"chirp-v3\",\n    \"status\": \"streaming\",\n    \"prompt\": \"\",\n    \"type\": \"gen\",\n    \"tags\": \"instrumental, hypnotic spiritual journey, deep meditative groove, psychedelic, hi-tech psytrance, rapid-fire bassline, glitchy stabs, intense driving energy, futuristic, 166 BPM\"\n  },\n  {\n    \"id\": \"a74e2f84-121d-4f04-9c79-bc8788bff771\",\n    \"title\": \"psy_hitech_166bpm\",\n    \"image_url\": \"https://cdn2.suno.ai/image_a74e2f84-121d-4f04-9c79-bc8788bff771.jpeg\",\n    \"lyric\": \"\",\n    \"audio_url\": \"https://audiopipe.suno.ai/?item_id=a74e2f84-121d-4f04-9c79-bc8788bff771\",\n    \"video_url\": \"\",\n    \"created_at\": \"2026-09-02T14:04:16.575Z\",\n    \"model_name\": \"chirp-v3\",\n    \"status\": \"streaming\",\n    \"prompt\": \"\",\n    \"type\": \"gen\",\n    \"tags\": \"instrumental, hypnotic spiritual journey, deep meditative groove, psychedelic, hi-tech psytrance, rapid-fire bassline, glitchy stabs, intense driving energy, futuristic, 166 BPM\"\n  }\n]"}
{"level":30,"time":1788357870772,"pid":42900,"hostname":"LumKourlosDesktop","msg":"Cost time: 12593"}
{"level":30,"time":1788359512400,"pid":42900,"hostname":"LumKourlosDesktop","msg":"KeepAlive...\n"}
{"level":30,"time":1788359512953,"pid":42900,"hostname":"LumKourlosDesktop","required":false,"captcha_version":1}
{"level":30,"time":1788359512954,"pid":42900,"hostname":"LumKourlosDesktop","msg":"generateSongs payload:\n{\n  \"prompt\": \"\",\n  \"isCustom\": true,\n  \"tags\": \"instrumental, hypnotic spiritual journey, deep meditative groove, psychedelic, psytrance, full-on, Goa trance, rolling bassline, acid squelches, tribal percussion, lush pads, 147 BPM\",\n  \"title\": \"psy_fullon_147bpm\",\n  \"make_instrumental\": true,\n  \"wait_audio\": true,\n  \"negative_tags\": \"vocals, lyrics, singing, voice, acapella, rap, spoken word\",\n  \"payload\": {\n    \"make_instrumental\": true,\n    \"mv\": \"chirp-v3-5\",\n    \"prompt\": \"\",\n    \"generation_type\": \"TEXT\",\n    \"token\": null,\n    \"tags\": \"instrumental, hypnotic spiritual journey, deep meditative groove, psychedelic, psytrance, full-on, Goa trance, rolling bassline, acid squelches, tribal percussion, lush pads, 147 BPM\",\n    \"title\": \"psy_fullon_147bpm\",\n    \"negative_tags\": \"vocals, lyrics, singing, voice, acapella, rap, spoken word\"\n  }\n}"}
{"level":30,"time":1788359513325,"pid":42900,"hostname":"LumKourlosDesktop","msg":"Sleeping for 5 seconds"}
{"level":30,"time":1788359518332,"pid":42900,"hostname":"LumKourlosDesktop","msg":"KeepAlive...\n"}
{"level":30,"time":1788359518875,"pid":42900,"hostname":"LumKourlosDesktop","msg":"Get audio status: https://studio-api.prod.suno.com/api/feed/v2?ids=463dc55e-4bba-43f3-bc42-ec140a3837ff%2Cfadc2375-52e1-4e81-8bae-65e15352a8db"}
{"level":30,"time":1788359519013,"pid":42900,"hostname":"LumKourlosDesktop","msg":"Sleeping for 6 seconds"}
{"level":30,"time":1788359525021,"pid":42900,"hostname":"LumKourlosDesktop","msg":"KeepAlive...\n"}
{"level":30,"time":1788359525169,"pid":42900,"hostname":"LumKourlosDesktop","msg":"Sleeping for 1 seconds"}
{"level":30,"time":1788359526169,"pid":42900,"hostname":"LumKourlosDesktop","msg":"KeepAlive...\n"}
{"level":30,"time":1788359526263,"pid":42900,"hostname":"LumKourlosDesktop","msg":"Get audio status: https://studio-api.prod.suno.com/api/feed/v2?ids=463dc55e-4bba-43f3-bc42-ec140a3837ff%2Cfadc2375-52e1-4e81-8bae-65e15352a8db"}
{"level":30,"time":1788359526467,"pid":42900,"hostname":"LumKourlosDesktop","msg":"Custom Generate Response:\n[\n  {\n    \"id\": \"463dc55e-4bba-43f3-bc42-ec140a3837ff\",\n    \"title\": \"psy_fullon_147bpm\",\n    \"image_url\": \"https://cdn2.suno.ai/image_463dc55e-4bba-43f3-bc42-ec140a3837ff.jpeg\",\n    \"lyric\": \"\",\n    \"audio_url\": \"https://audiopipe.suno.ai/?item_id=463dc55e-4bba-43f3-bc42-ec140a3837ff\",\n    \"video_url\": \"\",\n    \"created_at\": \"2026-09-02T14:31:50.566Z\",\n    \"model_name\": \"chirp-v3\",\n    \"status\": \"streaming\",\n    \"prompt\": \"\",\n    \"type\": \"gen\",\n    \"tags\": \"instrumental, hypnotic spiritual journey, deep meditative groove, psychedelic, psytrance, full-on, Goa trance, rolling bassline, acid squelches, tribal percussion, lush pads, 147 BPM\"\n  },\n  {\n    \"id\": \"fadc2375-52e1-4e81-8bae-65e15352a8db\",\n    \"title\": \"psy_fullon_147bpm\",\n    \"image_url\": \"https://cdn2.suno.ai/image_fadc2375-52e1-4e81-8bae-65e15352a8db.jpeg\",\n    \"lyric\": \"\",\n    \"audio_url\": \"https://audiopipe.suno.ai/?item_id=fadc2375-52e1-4e81-8bae-65e15352a8db\",\n    \"video_url\": \"\",\n    \"created_at\": \"2026-09-02T14:31:50.566Z\",\n    \"model_name\": \"chirp-v3\",\n    \"status\": \"streaming\",\n    \"prompt\": \"\",\n    \"type\": \"gen\",\n    \"tags\": \"instrumental, hypnotic spiritual journey, deep meditative groove, psychedelic, psytrance, full-on, Goa trance, rolling bassline, acid squelches, tribal percussion, lush pads, 147 BPM\"\n  }\n]"}
{"level":30,"time":1788359526467,"pid":42900,"hostname":"LumKourlosDesktop","msg":"Cost time: 14067"}
{"level":30,"time":1788363239162,"pid":42900,"hostname":"LumKourlosDesktop","msg":"KeepAlive...\n"}
{"level":30,"time":1788363239547,"pid":42900,"hostname":"LumKourlosDesktop","required":false,"captcha_version":1}
{"level":30,"time":1788363239551,"pid":42900,"hostname":"LumKourlosDesktop","msg":"generateSongs payload:\n{\n  \"prompt\": \"\",\n  \"isCustom\": true,\n  \"tags\": \"instrumental, hypnotic spiritual journey, deep meditative groove, psychedelic, darkpsy, forest psytrance, dark atmosphere, fast rolling bass, organic textures, eerie leads, hypnotic, 148 BPM\",\n  \"title\": \"psy_darkpsy_148bpm\",\n  \"make_instrumental\": true,\n  \"wait_audio\": true,\n  \"negative_tags\": \"vocals, lyrics, singing, voice, acapella, rap, spoken word\",\n  \"payload\": {\n    \"make_instrumental\": true,\n    \"mv\": \"chirp-v3-5\",\n    \"prompt\": \"\",\n    \"generation_type\": \"TEXT\",\n    \"token\": null,\n    \"tags\": \"instrumental, hypnotic spiritual journey, deep meditative groove, psychedelic, darkpsy, forest psytrance, dark atmosphere, fast rolling bass, organic textures, eerie leads, hypnotic, 148 BPM\",\n    \"title\": \"psy_darkpsy_148bpm\",\n    \"negative_tags\": \"vocals, lyrics, singing, voice, acapella, rap, spoken word\"\n  }\n}"}
{"level":30,"time":1788363239992,"pid":42900,"hostname":"LumKourlosDesktop","msg":"Sleeping for 5 seconds"}
{"level":30,"time":1788363245003,"pid":42900,"hostname":"LumKourlosDesktop","msg":"KeepAlive...\n"}
{"level":30,"time":1788363245149,"pid":42900,"hostname":"LumKourlosDesktop","msg":"Get audio status: https://studio-api.prod.suno.com/api/feed/v2?ids=6312480b-7741-48cc-89eb-ea16a021ddfd%2C2ae059c6-72ef-41af-b904-dd0d30eca840"}
{"level":30,"time":1788363245321,"pid":42900,"hostname":"LumKourlosDesktop","msg":"Sleeping for 6 seconds"}
{"level":30,"time":1788363251334,"pid":42900,"hostname":"LumKourlosDesktop","msg":"KeepAlive...\n"}
{"level":30,"time":1788363251482,"pid":42900,"hostname":"LumKourlosDesktop","msg":"Sleeping for 1 seconds"}
{"level":30,"time":1788363252492,"pid":42900,"hostname":"LumKourlosDesktop","msg":"KeepAlive...\n"}
{"level":30,"time":1788363252611,"pid":42900,"hostname":"LumKourlosDesktop","msg":"Get audio status: https://studio-api.prod.suno.com/api/feed/v2?ids=6312480b-7741-48cc-89eb-ea16a021ddfd%2C2ae059c6-72ef-41af-b904-dd0d30eca840"}
{"level":30,"time":1788363252889,"pid":42900,"hostname":"LumKourlosDesktop","msg":"Custom Generate Response:\n[\n  {\n    \"id\": \"6312480b-7741-48cc-89eb-ea16a021ddfd\",\n    \"title\": \"psy_darkpsy_148bpm\",\n    \"image_url\": \"https://cdn2.suno.ai/image_6312480b-7741-48cc-89eb-ea16a021ddfd.jpeg\",\n    \"lyric\": \"\",\n    \"audio_url\": \"https://audiopipe.suno.ai/?item_id=6312480b-7741-48cc-89eb-ea16a021ddfd\",\n    \"video_url\": \"\",\n    \"created_at\": \"2026-09-02T15:33:57.195Z\",\n    \"model_name\": \"chirp-v3\",\n    \"status\": \"streaming\",\n    \"prompt\": \"\",\n    \"type\": \"gen\",\n    \"tags\": \"instrumental, hypnotic spiritual journey, deep meditative groove, psychedelic, darkpsy, forest psytrance, dark atmosphere, fast rolling bass, organic textures, eerie leads, hypnotic, 148 BPM\"\n  },\n  {\n    \"id\": \"2ae059c6-72ef-41af-b904-dd0d30eca840\",\n    \"title\": \"psy_darkpsy_148bpm\",\n    \"image_url\": \"https://cdn2.suno.ai/image_2ae059c6-72ef-41af-b904-dd0d30eca840.jpeg\",\n    \"lyric\": \"\",\n    \"audio_url\": \"https://audiopipe.suno.ai/?item_id=2ae059c6-72ef-41af-b904-dd0d30eca840\",\n    \"video_url\": \"\",\n    \"created_at\": \"2026-09-02T15:33:57.195Z\",\n    \"model_name\": \"chirp-v3\",\n    \"status\": \"streaming\",\n    \"prompt\": \"\",\n    \"type\": \"gen\",\n    \"tags\": \"instrumental, hypnotic spiritual journey, deep meditative groove, psychedelic, darkpsy, forest psytrance, dark atmosphere, fast rolling bass, organic textures, eerie leads, hypnotic, 148 BPM\"\n  }\n]"}
{"level":30,"time":1788363252889,"pid":42900,"hostname":"LumKourlosDesktop","msg":"Cost time: 13727"}
{"level":30,"time":1788366799711,"pid":42900,"hostname":"LumKourlosDesktop","msg":"KeepAlive...\n"}
{"level":30,"time":1788366800335,"pid":42900,"hostname":"LumKourlosDesktop","required":false,"captcha_version":1}
{"level":30,"time":1788366800336,"pid":42900,"hostname":"LumKourlosDesktop","msg":"generateSongs payload:\n{\n  \"prompt\": \"\",\n  \"isCustom\": true,\n  \"tags\": \"instrumental, hypnotic spiritual journey, deep meditative groove, psychedelic, hi-tech psytrance, rapid-fire bassline, glitchy stabs, intense driving energy, futuristic, modular synth textures\",\n  \"title\": \"psy_hitech_161bpm\",\n  \"make_instrumental\": true,\n  \"wait_audio\": true,\n  \"negative_tags\": \"vocals, lyrics, singing, voice, acapella, rap, spoken word\",\n  \"payload\": {\n    \"make_instrumental\": true,\n    \"mv\": \"chirp-v3-5\",\n    \"prompt\": \"\",\n    \"generation_type\": \"TEXT\",\n    \"token\": null,\n    \"tags\": \"instrumental, hypnotic spiritual journey, deep meditative groove, psychedelic, hi-tech psytrance, rapid-fire bassline, glitchy stabs, intense driving energy, futuristic, modular synth textures\",\n    \"title\": \"psy_hitech_161bpm\",\n    \"negative_tags\": \"vocals, lyrics, singing, voice, acapella, rap, spoken word\"\n  }\n}"}
{"level":30,"time":1788366800756,"pid":42900,"hostname":"LumKourlosDesktop","msg":"Sleeping for 5 seconds"}
{"level":30,"time":1788366805757,"pid":42900,"hostname":"LumKourlosDesktop","msg":"KeepAlive...\n"}
{"level":30,"time":1788366805945,"pid":42900,"hostname":"LumKourlosDesktop","msg":"Get audio status: https://studio-api.prod.suno.com/api/feed/v2?ids=2e6c2326-6414-4d74-bd81-ab2c54cc40c3%2Ce0e14521-a68e-406e-b3e5-6c20aee74d3d"}
{"level":30,"time":1788366806242,"pid":42900,"hostname":"LumKourlosDesktop","msg":"Sleeping for 4 seconds"}
{"level":30,"time":1788366810247,"pid":42900,"hostname":"LumKourlosDesktop","msg":"KeepAlive...\n"}
{"level":30,"time":1788366810367,"pid":42900,"hostname":"LumKourlosDesktop","msg":"Sleeping for 2 seconds"}
{"level":30,"time":1788366812372,"pid":42900,"hostname":"LumKourlosDesktop","msg":"KeepAlive...\n"}
{"level":30,"time":1788366812510,"pid":42900,"hostname":"LumKourlosDesktop","msg":"Get audio status: https://studio-api.prod.suno.com/api/feed/v2?ids=2e6c2326-6414-4d74-bd81-ab2c54cc40c3%2Ce0e14521-a68e-406e-b3e5-6c20aee74d3d"}
{"level":30,"time":1788366812712,"pid":42900,"hostname":"LumKourlosDesktop","msg":"Custom Generate Response:\n[\n  {\n    \"id\": \"2e6c2326-6414-4d74-bd81-ab2c54cc40c3\",\n    \"title\": \"psy_hitech_161bpm\",\n    \"image_url\": \"https://cdn2.suno.ai/image_2e6c2326-6414-4d74-bd81-ab2c54cc40c3.jpeg\",\n    \"lyric\": \"\",\n    \"audio_url\": \"https://audiopipe.suno.ai/?item_id=2e6c2326-6414-4d74-bd81-ab2c54cc40c3\",\n    \"video_url\": \"\",\n    \"created_at\": \"2026-09-02T16:33:17.890Z\",\n    \"model_name\": \"chirp-v3\",\n    \"status\": \"streaming\",\n    \"prompt\": \"\",\n    \"type\": \"gen\",\n    \"tags\": \"instrumental, hypnotic spiritual journey, deep meditative groove, psychedelic, hi-tech psytrance, rapid-fire bassline, glitchy stabs, intense driving energy, futuristic, modular synth textures\"\n  },\n  {\n    \"id\": \"e0e14521-a68e-406e-b3e5-6c20aee74d3d\",\n    \"title\": \"psy_hitech_161bpm\",\n    \"image_url\": \"https://cdn2.suno.ai/image_e0e14521-a68e-406e-b3e5-6c20aee74d3d.jpeg\",\n    \"lyric\": \"\",\n    \"audio_url\": \"https://audiopipe.suno.ai/?item_id=e0e14521-a68e-406e-b3e5-6c20aee74d3d\",\n    \"video_url\": \"\",\n    \"created_at\": \"2026-09-02T16:33:17.890Z\",\n    \"model_name\": \"chirp-v3\",\n    \"status\": \"streaming\",\n    \"prompt\": \"\",\n    \"type\": \"gen\",\n    \"tags\": \"instrumental, hypnotic spiritual journey, deep meditative groove, psychedelic, hi-tech psytrance, rapid-fire bassline, glitchy stabs, intense driving energy, futuristic, modular synth textures\"\n  }\n]"}
{"level":30,"time":1788366812712,"pid":42900,"hostname":"LumKourlosDesktop","msg":"Cost time: 13001"}
{"level":30,"time":1788367967880,"pid":42900,"hostname":"LumKourlosDesktop","msg":"KeepAlive...\n"}
{"level":30,"time":1788367968347,"pid":42900,"hostname":"LumKourlosDesktop","required":false,"captcha_version":1}
{"level":30,"time":1788367968347,"pid":42900,"hostname":"LumKourlosDesktop","msg":"generateSongs payload:\n{\n  \"prompt\": \"\",\n  \"isCustom\": true,\n  \"tags\": \"instrumental, hypnotic spiritual journey, deep meditative groove, psychedelic, darkpsy, forest psytrance, dark atmosphere, fast rolling bass, organic textures, eerie leads, hypnotic\",\n  \"title\": \"psy_darkpsy_153bpm\",\n  \"make_instrumental\": true,\n  \"wait_audio\": true,\n  \"negative_tags\": \"vocals, lyrics, singing, voice, acapella, rap, spoken word\",\n  \"payload\": {\n    \"make_instrumental\": true,\n    \"mv\": \"chirp-v3-5\",\n    \"prompt\": \"\",\n    \"generation_type\": \"TEXT\",\n    \"token\": null,\n    \"tags\": \"instrumental, hypnotic spiritual journey, deep meditative groove, psychedelic, darkpsy, forest psytrance, dark atmosphere, fast rolling bass, organic textures, eerie leads, hypnotic\",\n    \"title\": \"psy_darkpsy_153bpm\",\n    \"negative_tags\": \"vocals, lyrics, singing, voice, acapella, rap, spoken word\"\n  }\n}"}
{"level":30,"time":1788367968729,"pid":42900,"hostname":"LumKourlosDesktop","msg":"Sleeping for 5 seconds"}
{"level":30,"time":1788367973735,"pid":42900,"hostname":"LumKourlosDesktop","msg":"KeepAlive...\n"}
{"level":30,"time":1788367973932,"pid":42900,"hostname":"LumKourlosDesktop","msg":"Get audio status: https://studio-api.prod.suno.com/api/feed/v2?ids=261bc4e3-6200-47ae-beff-32c6f8c96fa8%2Cc6eddfa4-0efb-4bd1-8bd5-c6c6544a044e"}
{"level":30,"time":1788367974189,"pid":42900,"hostname":"LumKourlosDesktop","msg":"Sleeping for 3 seconds"}
{"level":30,"time":1788367977197,"pid":42900,"hostname":"LumKourlosDesktop","msg":"KeepAlive...\n"}
{"level":30,"time":1788367977391,"pid":42900,"hostname":"LumKourlosDesktop","msg":"Sleeping for 2 seconds"}
{"level":30,"time":1788367979405,"pid":42900,"hostname":"LumKourlosDesktop","msg":"KeepAlive...\n"}
{"level":30,"time":1788367979520,"pid":42900,"hostname":"LumKourlosDesktop","msg":"Get audio status: https://studio-api.prod.suno.com/api/feed/v2?ids=261bc4e3-6200-47ae-beff-32c6f8c96fa8%2Cc6eddfa4-0efb-4bd1-8bd5-c6c6544a044e"}
{"level":30,"time":1788367979703,"pid":42900,"hostname":"LumKourlosDesktop","msg":"Custom Generate Response:\n[\n  {\n    \"id\": \"261bc4e3-6200-47ae-beff-32c6f8c96fa8\",\n    \"title\": \"psy_darkpsy_153bpm\",\n    \"image_url\": \"https://cdn2.suno.ai/image_261bc4e3-6200-47ae-beff-32c6f8c96fa8.jpeg\",\n    \"lyric\": \"\",\n    \"audio_url\": \"https://audiopipe.suno.ai/?item_id=261bc4e3-6200-47ae-beff-32c6f8c96fa8\",\n    \"video_url\": \"\",\n    \"created_at\": \"2026-09-02T16:52:45.903Z\",\n    \"model_name\": \"chirp-v3\",\n    \"status\": \"streaming\",\n    \"prompt\": \"\",\n    \"type\": \"gen\",\n    \"tags\": \"instrumental, hypnotic spiritual journey, deep meditative groove, psychedelic, darkpsy, forest psytrance, dark atmosphere, fast rolling bass, organic textures, eerie leads, hypnotic\"\n  },\n  {\n    \"id\": \"c6eddfa4-0efb-4bd1-8bd5-c6c6544a044e\",\n    \"title\": \"psy_darkpsy_153bpm\",\n    \"image_url\": \"https://cdn2.suno.ai/image_c6eddfa4-0efb-4bd1-8bd5-c6c6544a044e.jpeg\",\n    \"lyric\": \"\",\n    \"audio_url\": \"https://audiopipe.suno.ai/?item_id=c6eddfa4-0efb-4bd1-8bd5-c6c6544a044e\",\n    \"video_url\": \"\",\n    \"created_at\": \"2026-09-02T16:52:45.903Z\",\n    \"model_name\": \"chirp-v3\",\n    \"status\": \"streaming\",\n    \"prompt\": \"\",\n    \"type\": \"gen\",\n    \"tags\": \"instrumental, hypnotic spiritual journey, deep meditative groove, psychedelic, darkpsy, forest psytrance, dark atmosphere, fast rolling bass, organic textures, eerie leads, hypnotic\"\n  }\n]"}
{"level":30,"time":1788367979703,"pid":42900,"hostname":"LumKourlosDesktop","msg":"Cost time: 11823"}
{"level":30,"time":1788465421392,"pid":42900,"hostname":"LumKourlosDesktop","msg":"KeepAlive...\n"}
{"level":30,"time":1788465421935,"pid":42900,"hostname":"LumKourlosDesktop","required":true,"captcha_version":1}
{"level":30,"time":1788465421935,"pid":42900,"hostname":"LumKourlosDesktop","msg":"CAPTCHA required. Launching browser..."}
{"level":30,"time":1788465424236,"pid":42900,"hostname":"LumKourlosDesktop","msg":"Waiting for Suno interface to load"}
{"level":30,"time":1788465429297,"pid":42900,"hostname":"LumKourlosDesktop","msg":"Triggering the CAPTCHA"}
Error generating custom audio: Timeout 30000ms exceeded.
Call log:
[2m  - waiting for locator('.custom-textarea')[22m

    at captureRawStack (C:\Users\jakeg\workspace\suno-api\webpack-internal:\(rsc)\node_modules\rebrowser-playwright-core\lib\utils\stackTrace.js:50:17)
    at captureLibraryStackTrace (C:\Users\jakeg\workspace\suno-api\webpack-internal:\(rsc)\node_modules\rebrowser-playwright-core\lib\utils\stackTrace.js:56:17)
    at Frame._wrapApiCall (C:\Users\jakeg\workspace\suno-api\webpack-internal:\(rsc)\node_modules\rebrowser-playwright-core\lib\client\channelOwner.js:167:65)
    at Proxy.eval (C:\Users\jakeg\workspace\suno-api\webpack-internal:\(rsc)\node_modules\rebrowser-playwright-core\lib\client\channelOwner.js:128:33)
    at Frame.click (C:\Users\jakeg\workspace\suno-api\webpack-internal:\(rsc)\node_modules\rebrowser-playwright-core\lib\client\frame.js:291:32)
    at Locator.click (C:\Users\jakeg\workspace\suno-api\webpack-internal:\(rsc)\node_modules\rebrowser-playwright-core\lib\client\locator.js:90:30)
    at SunoApi.click (C:\Users\jakeg\workspace\suno-api\webpack-internal:\(rsc)\src\lib\SunoApi.ts:192:32)
    at SunoApi.getCaptcha (C:\Users\jakeg\workspace\suno-api\webpack-internal:\(rsc)\src\lib\SunoApi.ts:289:20)
    at async SunoApi.generateSongs (C:\Users\jakeg\workspace\suno-api\webpack-internal:\(rsc)\src\lib\SunoApi.ts:473:20)
    at async SunoApi.custom_generate (C:\Users\jakeg\workspace\suno-api\webpack-internal:\(rsc)\src\lib\SunoApi.ts:444:24)
    at async POST (C:\Users\jakeg\workspace\suno-api\webpack-internal:\(rsc)\src\app\api\custom_generate\route.ts:23:31)
    at C:\Users\jakeg\workspace\suno-api\async C:\Users\jakeg\workspace\suno-api\node_modules\next\dist\compiled\next-server\app-route.runtime.dev.js:6:63809
    at async eU.execute (C:\Users\jakeg\workspace\suno-api\node_modules\next\dist\compiled\next-server\app-route.runtime.dev.js:6:53964)
    at async eU.handle (C:\Users\jakeg\workspace\suno-api\node_modules\next\dist\compiled\next-server\app-route.runtime.dev.js:6:65062)
    at async doRender (C:\Users\jakeg\workspace\suno-api\node_modules\next\dist\server\base-server.js:1317:42)
    at async cacheEntry.responseCache.get.routeKind (C:\Users\jakeg\workspace\suno-api\node_modules\next\dist\server\base-server.js:1539:28)
    at async DevServer.renderToResponseWithComponentsImpl (C:\Users\jakeg\workspace\suno-api\node_modules\next\dist\server\base-server.js:1447:28)
    at async DevServer.renderPageComponent (C:\Users\jakeg\workspace\suno-api\node_modules\next\dist\server\base-server.js:1844:24)
    at async DevServer.renderToResponseImpl (C:\Users\jakeg\workspace\suno-api\node_modules\next\dist\server\base-server.js:1882:32)
    at async DevServer.pipeImpl (C:\Users\jakeg\workspace\suno-api\node_modules\next\dist\server\base-server.js:895:25)
    at async NextNodeServer.handleCatchallRenderRequest (C:\Users\jakeg\workspace\suno-api\node_modules\next\dist\server\next-server.js:269:17)
    at async DevServer.handleRequestImpl (C:\Users\jakeg\workspace\suno-api\node_modules\next\dist\server\base-server.js:791:17)
    at C:\Users\jakeg\workspace\suno-api\async C:\Users\jakeg\workspace\suno-api\node_modules\next\dist\server\dev\next-dev-server.js:331:20
    at async Span.traceAsyncFn (C:\Users\jakeg\workspace\suno-api\node_modules\next\dist\trace\trace.js:151:20)
    at async DevServer.handleRequest (C:\Users\jakeg\workspace\suno-api\node_modules\next\dist\server\dev\next-dev-server.js:328:24)
    at async invokeRender (C:\Users\jakeg\workspace\suno-api\node_modules\next\dist\server\lib\router-server.js:174:21)
    at async handleRequest (C:\Users\jakeg\workspace\suno-api\node_modules\next\dist\server\lib\router-server.js:353:24)
    at async requestHandlerImpl (C:\Users\jakeg\workspace\suno-api\node_modules\next\dist\server\lib\router-server.js:377:13)
    at async Server.requestListener (C:\Users\jakeg\workspace\suno-api\node_modules\next\dist\server\lib\start-server.js:140:13) {
  name: 'TimeoutError'
}
[?25h
