
> suno-api@1.1.0 dev
> next dev -p 3010

   ▲ Next.js 14.1.4
   - Local:        http://localhost:3010
   - Environments: .env
   - Experiments (use at your own risk):
     · serverMinification

 ✓ Ready in 2.6s
 ○ Compiling /api/custom_generate ...
 ✓ Compiled /api/custom_generate in 1354ms (577 modules)
{"level":30,"time":1788468205768,"pid":51088,"hostname":"LumKourlosDesktop","msg":"Getting the session ID"}
(node:51088) [DEP0169] DeprecationWarning: `url.parse()` behavior is not standardized and prone to errors that have security implications. Use the WHATWG URL API instead. CVEs are not issued for `url.parse()` vulnerabilities.
(Use `node --trace-deprecation ...` to show where the warning was created)
{"level":30,"time":1788468206121,"pid":51088,"hostname":"LumKourlosDesktop","msg":"KeepAlive...\n"}
{"level":30,"time":1788468206439,"pid":51088,"hostname":"LumKourlosDesktop","msg":"KeepAlive...\n"}
{"level":30,"time":1788468206854,"pid":51088,"hostname":"LumKourlosDesktop","required":true,"captcha_version":1}
{"level":30,"time":1788468206854,"pid":51088,"hostname":"LumKourlosDesktop","msg":"Turnstile captcha required. Launching browser to auto-solve..."}
{"level":30,"time":1788468213524,"pid":51088,"hostname":"LumKourlosDesktop","msg":"Sleeping for 2 seconds"}
Error generating custom audio: Error: Turnstile auto-solve timeout (120s)
    at Timeout.eval [as _onTimeout] (webpack-internal:///(rsc)/./src/lib/SunoApi.ts:296:49)
    at listOnTimeout (node:internal/timers:605:17)
    at process.processTimers (node:internal/timers:541:7)
